// Jest Snapshot v1, https://goo.gl/fbAQLP

exports[`Testing Favorites.js Favorites snapshot 1`] = `
"<div>
  <Email email={{...}} />
  <Email email={{...}} />
</div>"
`;
